###############################################################################
#
# IAR ELF Linker V9.50.1.380/W64 for ARM                  20/Jan/2025  15:14:32
# Copyright 2007-2023 IAR Systems AB.
#
#    Output file  =
#        C:\Users\Interrupt\Dropbox\WorkSpace\Embedded\Mastering_STM32\mytests\API_SPI\EWARM\API\Exe\API.out
#    Map file     =
#        C:\Users\Interrupt\Dropbox\WorkSpace\Embedded\Mastering_STM32\mytests\API_SPI\EWARM\API\List\API.map
#    Command line =
#        -f
#        C:\Users\Interrupt\Dropbox\WorkSpace\Embedded\Mastering_STM32\mytests\API_SPI\EWARM\API\Exe\API.out.rsp
#        (C:\Users\Interrupt\Dropbox\WorkSpace\Embedded\Mastering_STM32\mytests\API_SPI\EWARM\API\Obj\Src_16888587958509051496.dir\gpio_stm32f411ceux.o
#        C:\Users\Interrupt\Dropbox\WorkSpace\Embedded\Mastering_STM32\mytests\API_SPI\EWARM\API\Obj\Core_13247989168731456611.dir\main.o
#        C:\Users\Interrupt\Dropbox\WorkSpace\Embedded\Mastering_STM32\mytests\API_SPI\EWARM\API\Obj\Src_16888587958509051496.dir\spi_stm32f411ceux.o
#        C:\Users\Interrupt\Dropbox\WorkSpace\Embedded\Mastering_STM32\mytests\API_SPI\EWARM\API\Obj\EWARM_18443280873093131863.dir\startup_stm32f411xe.o
#        C:\Users\Interrupt\Dropbox\WorkSpace\Embedded\Mastering_STM32\mytests\API_SPI\EWARM\API\Obj\STM32F4xx_HAL_Driver_1244631019742807970.dir\stm32f4xx_hal.o
#        C:\Users\Interrupt\Dropbox\WorkSpace\Embedded\Mastering_STM32\mytests\API_SPI\EWARM\API\Obj\STM32F4xx_HAL_Driver_1244631019742807970.dir\stm32f4xx_hal_cortex.o
#        C:\Users\Interrupt\Dropbox\WorkSpace\Embedded\Mastering_STM32\mytests\API_SPI\EWARM\API\Obj\STM32F4xx_HAL_Driver_1244631019742807970.dir\stm32f4xx_hal_dma.o
#        C:\Users\Interrupt\Dropbox\WorkSpace\Embedded\Mastering_STM32\mytests\API_SPI\EWARM\API\Obj\STM32F4xx_HAL_Driver_1244631019742807970.dir\stm32f4xx_hal_dma_ex.o
#        C:\Users\Interrupt\Dropbox\WorkSpace\Embedded\Mastering_STM32\mytests\API_SPI\EWARM\API\Obj\STM32F4xx_HAL_Driver_1244631019742807970.dir\stm32f4xx_hal_exti.o
#        C:\Users\Interrupt\Dropbox\WorkSpace\Embedded\Mastering_STM32\mytests\API_SPI\EWARM\API\Obj\STM32F4xx_HAL_Driver_1244631019742807970.dir\stm32f4xx_hal_flash.o
#        C:\Users\Interrupt\Dropbox\WorkSpace\Embedded\Mastering_STM32\mytests\API_SPI\EWARM\API\Obj\STM32F4xx_HAL_Driver_1244631019742807970.dir\stm32f4xx_hal_flash_ex.o
#        C:\Users\Interrupt\Dropbox\WorkSpace\Embedded\Mastering_STM32\mytests\API_SPI\EWARM\API\Obj\STM32F4xx_HAL_Driver_1244631019742807970.dir\stm32f4xx_hal_flash_ramfunc.o
#        C:\Users\Interrupt\Dropbox\WorkSpace\Embedded\Mastering_STM32\mytests\API_SPI\EWARM\API\Obj\STM32F4xx_HAL_Driver_1244631019742807970.dir\stm32f4xx_hal_gpio.o
#        C:\Users\Interrupt\Dropbox\WorkSpace\Embedded\Mastering_STM32\mytests\API_SPI\EWARM\API\Obj\Core_13247989168731456611.dir\stm32f4xx_hal_msp.o
#        C:\Users\Interrupt\Dropbox\WorkSpace\Embedded\Mastering_STM32\mytests\API_SPI\EWARM\API\Obj\STM32F4xx_HAL_Driver_1244631019742807970.dir\stm32f4xx_hal_pwr.o
#        C:\Users\Interrupt\Dropbox\WorkSpace\Embedded\Mastering_STM32\mytests\API_SPI\EWARM\API\Obj\STM32F4xx_HAL_Driver_1244631019742807970.dir\stm32f4xx_hal_pwr_ex.o
#        C:\Users\Interrupt\Dropbox\WorkSpace\Embedded\Mastering_STM32\mytests\API_SPI\EWARM\API\Obj\STM32F4xx_HAL_Driver_1244631019742807970.dir\stm32f4xx_hal_rcc.o
#        C:\Users\Interrupt\Dropbox\WorkSpace\Embedded\Mastering_STM32\mytests\API_SPI\EWARM\API\Obj\STM32F4xx_HAL_Driver_1244631019742807970.dir\stm32f4xx_hal_rcc_ex.o
#        C:\Users\Interrupt\Dropbox\WorkSpace\Embedded\Mastering_STM32\mytests\API_SPI\EWARM\API\Obj\STM32F4xx_HAL_Driver_1244631019742807970.dir\stm32f4xx_hal_tim.o
#        C:\Users\Interrupt\Dropbox\WorkSpace\Embedded\Mastering_STM32\mytests\API_SPI\EWARM\API\Obj\STM32F4xx_HAL_Driver_1244631019742807970.dir\stm32f4xx_hal_tim_ex.o
#        C:\Users\Interrupt\Dropbox\WorkSpace\Embedded\Mastering_STM32\mytests\API_SPI\EWARM\API\Obj\Core_13247989168731456611.dir\stm32f4xx_it.o
#        C:\Users\Interrupt\Dropbox\WorkSpace\Embedded\Mastering_STM32\mytests\API_SPI\EWARM\API\Obj\CMSIS_6603591812247902717.dir\system_stm32f4xx.o
#        --no_out_extension -o
#        C:\Users\Interrupt\Dropbox\WorkSpace\Embedded\Mastering_STM32\mytests\API_SPI\EWARM\API\Exe\API.out
#        --redirect _Printf=_PrintfFullNoMb --redirect _Scanf=_ScanfFullNoMb
#        --map
#        C:\Users\Interrupt\Dropbox\WorkSpace\Embedded\Mastering_STM32\mytests\API_SPI\EWARM\API\List\API.map
#        --config
#        C:\Users\Interrupt\Dropbox\WorkSpace\Embedded\Mastering_STM32\mytests\API_SPI\EWARM/stm32f411xe_flash.icf
#        --semihosting --entry __iar_program_start --vfe --text_out locale
#        --cpu=Cortex-M4 --fpu=VFPv4_sp) --dependencies=n
#        C:\Users\Interrupt\Dropbox\WorkSpace\Embedded\Mastering_STM32\mytests\API_SPI\EWARM\API\Exe\API.out.iar_deps
#
###############################################################################

*******************************************************************************
*** RUNTIME MODEL ATTRIBUTES
***

CppFlavor       = *
__CPP_Runtime   = 1
__SystemLibrary = DLib
__dlib_version  = 6


*******************************************************************************
*** HEAP SELECTION
***

The basic heap was selected because --advanced_heap
was not specified and the application did not appear to
be primarily optimized for speed.


*******************************************************************************
*** PLACEMENT SUMMARY
***

"A0":  place at address 0x800'0000 { ro section .intvec };
"P1":  place in [from 0x800'0000 to 0x807'ffff] { ro };
define block CSTACK with size = 1K, alignment = 8 { };
define block HEAP with size = 512, alignment = 8 { };
"P2":  place in [from 0x2000'0000 to 0x2001'ffff] {
          rw, block CSTACK, block HEAP };
initialize by copy { rw };

  Section            Kind         Address  Aligment   Size  Object
  -------            ----         -------  --------   ----  ------
"A0":                                                0x198
  .intvec            ro code   0x800'0000         4  0x198  startup_stm32f411xe.o [3]
                             - 0x800'0198            0x198

"P1":                                                0xa50
  .text              ro code   0x800'0198         4  0x434  gpio_stm32f411ceux.o [5]
  .text              ro code   0x800'05cc         4  0x1c0  main.o [2]
  .text              ro code   0x800'078c         4  0x134  spi_stm32f411ceux.o [5]
  .text              ro code   0x800'08c0         4   0x86  ABImemcpy.o [8]
  .text              ro code   0x800'0946         2   0x2a  copy_init3.o [8]
  .text              ro code   0x800'0970         4   0x36  strlen.o [8]
  .rodata            const     0x800'09a8         4   0x40  main.o [2]
  .text              ro code   0x800'09e8         4   0x2a  data_init.o [8]
  .text              ro code   0x800'0a14         4   0x22  fpinit_M.o [7]
  .iar.init_table    const     0x800'0a38         4   0x14  - Linker created -
  .text              ro code   0x800'0a4c         4   0x1e  cmain.o [8]
  .text              ro code   0x800'0a6a         2    0x4  low_level_init.o [6]
  .text              ro code   0x800'0a6e         2    0x4  exit.o [6]
  .text              ro code   0x800'0a74         4    0xa  cexit.o [8]
  .text              ro code   0x800'0a80         4   0x14  exit.o [9]
  .text              ro code   0x800'0a94         4   0x1c  cstartup_M.o [8]
  .text              ro code   0x800'0ab0         4   0x18  stm32f4xx_hal.o [4]
  .text              ro code   0x800'0ac8         2   0x18  stm32f4xx_it.o [2]
  .text              ro code   0x800'0ae0         4   0x10  startup_stm32f411xe.o [3]
  .text              ro code   0x800'0af0         4   0x10  system_stm32f4xx.o [1]
  Initializer bytes  const     0x800'0b00         4    0x8  <for P2-1>
  .text              ro code   0x800'0b08         2    0x4  startup_stm32f411xe.o [3]
  .text              ro code   0x800'0b0c         2    0x4  startup_stm32f411xe.o [3]
  .text              ro code   0x800'0b10         2    0x4  startup_stm32f411xe.o [3]
  .text              ro code   0x800'0b14         2    0x4  startup_stm32f411xe.o [3]
  .text              ro code   0x800'0b18         2    0x4  startup_stm32f411xe.o [3]
  .text              ro code   0x800'0b1c         2    0x4  startup_stm32f411xe.o [3]
  .text              ro code   0x800'0b20         2    0x4  startup_stm32f411xe.o [3]
  .text              ro code   0x800'0b24         2    0x4  startup_stm32f411xe.o [3]
  .text              ro code   0x800'0b28         2    0x4  startup_stm32f411xe.o [3]
  .text              ro code   0x800'0b2c         2    0x4  startup_stm32f411xe.o [3]
  .text              ro code   0x800'0b30         2    0x4  startup_stm32f411xe.o [3]
  .text              ro code   0x800'0b34         2    0x4  startup_stm32f411xe.o [3]
  .text              ro code   0x800'0b38         2    0x4  startup_stm32f411xe.o [3]
  .text              ro code   0x800'0b3c         2    0x4  startup_stm32f411xe.o [3]
  .text              ro code   0x800'0b40         2    0x4  startup_stm32f411xe.o [3]
  .text              ro code   0x800'0b44         2    0x4  startup_stm32f411xe.o [3]
  .text              ro code   0x800'0b48         2    0x4  startup_stm32f411xe.o [3]
  .text              ro code   0x800'0b4c         2    0x4  startup_stm32f411xe.o [3]
  .text              ro code   0x800'0b50         2    0x4  startup_stm32f411xe.o [3]
  .text              ro code   0x800'0b54         2    0x4  startup_stm32f411xe.o [3]
  .text              ro code   0x800'0b58         2    0x4  startup_stm32f411xe.o [3]
  .text              ro code   0x800'0b5c         2    0x4  startup_stm32f411xe.o [3]
  .text              ro code   0x800'0b60         2    0x4  startup_stm32f411xe.o [3]
  .text              ro code   0x800'0b64         2    0x4  startup_stm32f411xe.o [3]
  .text              ro code   0x800'0b68         2    0x4  startup_stm32f411xe.o [3]
  .text              ro code   0x800'0b6c         2    0x4  startup_stm32f411xe.o [3]
  .text              ro code   0x800'0b70         2    0x4  startup_stm32f411xe.o [3]
  .text              ro code   0x800'0b74         2    0x4  startup_stm32f411xe.o [3]
  .text              ro code   0x800'0b78         2    0x4  startup_stm32f411xe.o [3]
  .text              ro code   0x800'0b7c         2    0x4  startup_stm32f411xe.o [3]
  .text              ro code   0x800'0b80         2    0x4  startup_stm32f411xe.o [3]
  .text              ro code   0x800'0b84         2    0x4  startup_stm32f411xe.o [3]
  .text              ro code   0x800'0b88         2    0x4  startup_stm32f411xe.o [3]
  .text              ro code   0x800'0b8c         2    0x4  startup_stm32f411xe.o [3]
  .text              ro code   0x800'0b90         2    0x4  startup_stm32f411xe.o [3]
  .text              ro code   0x800'0b94         2    0x4  startup_stm32f411xe.o [3]
  .text              ro code   0x800'0b98         2    0x4  startup_stm32f411xe.o [3]
  .text              ro code   0x800'0b9c         2    0x4  startup_stm32f411xe.o [3]
  .text              ro code   0x800'0ba0         2    0x4  startup_stm32f411xe.o [3]
  .text              ro code   0x800'0ba4         2    0x4  startup_stm32f411xe.o [3]
  .text              ro code   0x800'0ba8         2    0x4  startup_stm32f411xe.o [3]
  .text              ro code   0x800'0bac         2    0x4  startup_stm32f411xe.o [3]
  .text              ro code   0x800'0bb0         2    0x4  startup_stm32f411xe.o [3]
  .text              ro code   0x800'0bb4         2    0x4  startup_stm32f411xe.o [3]
  .text              ro code   0x800'0bb8         2    0x4  startup_stm32f411xe.o [3]
  .text              ro code   0x800'0bbc         2    0x4  startup_stm32f411xe.o [3]
  .text              ro code   0x800'0bc0         2    0x4  startup_stm32f411xe.o [3]
  .text              ro code   0x800'0bc4         2    0x4  startup_stm32f411xe.o [3]
  .text              ro code   0x800'0bc8         2    0x4  startup_stm32f411xe.o [3]
  .text              ro code   0x800'0bcc         2    0x4  startup_stm32f411xe.o [3]
  .text              ro code   0x800'0bd0         2    0x4  startup_stm32f411xe.o [3]
  .text              ro code   0x800'0bd4         2    0x4  startup_stm32f411xe.o [3]
  .text              ro code   0x800'0bd8         2    0x4  startup_stm32f411xe.o [3]
  .text              ro code   0x800'0bdc         2    0x4  startup_stm32f411xe.o [3]
  .text              ro code   0x800'0be0         2    0x4  startup_stm32f411xe.o [3]
  .text              ro code   0x800'0be4         2    0x4  startup_stm32f411xe.o [3]
  .rodata            const     0x800'0be8              0x0  copy_init3.o [8]
                             - 0x800'0be8            0xa50

"P2", part 1 of 2:                                     0x8
  P2-1                        0x2000'0000         4    0x5  <Init block>
    .bss             inited   0x2000'0000         4    0x4  stm32f4xx_hal.o [4]
    .data            inited   0x2000'0004              0x1  stm32f4xx_hal.o [4]
                            - 0x2000'0005              0x5

"P2", part 2 of 2:                                   0x400
  CSTACK                      0x2000'0008         8  0x400  <Block>
    CSTACK           uninit   0x2000'0008            0x400  <Block tail>
                            - 0x2000'0408            0x400

Unused ranges:

         From           To      Size
         ----           --      ----
   0x800'0be8   0x807'ffff  0x7'f418
  0x2000'0408  0x2001'ffff  0x1'fbf8


*******************************************************************************
*** INIT TABLE
***

          Address      Size
          -------      ----
Copy (__iar_copy_init3)
    1 source range, total size 0x8 (160% of destination):
           0x800'0b00   0x8
    1 destination range, total size 0x5:
          0x2000'0000   0x5



*******************************************************************************
*** MODULE SUMMARY
***

    Module                 ro code  ro data  rw data
    ------                 -------  -------  -------
command line/config:
    ------------------------------------------------
    Total:

C:\Users\Interrupt\Dropbox\WorkSpace\Embedded\Mastering_STM32\mytests\API_SPI\EWARM\API\Obj\CMSIS_6603591812247902717.dir: [1]
    system_stm32f4xx.o          16
    ------------------------------------------------
    Total:                      16

C:\Users\Interrupt\Dropbox\WorkSpace\Embedded\Mastering_STM32\mytests\API_SPI\EWARM\API\Obj\Core_13247989168731456611.dir: [2]
    main.o                     448       64
    stm32f4xx_it.o              24
    ------------------------------------------------
    Total:                     472       64

C:\Users\Interrupt\Dropbox\WorkSpace\Embedded\Mastering_STM32\mytests\API_SPI\EWARM\API\Obj\EWARM_18443280873093131863.dir: [3]
    startup_stm32f411xe.o      648
    ------------------------------------------------
    Total:                     648

C:\Users\Interrupt\Dropbox\WorkSpace\Embedded\Mastering_STM32\mytests\API_SPI\EWARM\API\Obj\STM32F4xx_HAL_Driver_1244631019742807970.dir: [4]
    stm32f4xx_hal.o             24        5        5
    ------------------------------------------------
    Total:                      24        5        5

C:\Users\Interrupt\Dropbox\WorkSpace\Embedded\Mastering_STM32\mytests\API_SPI\EWARM\API\Obj\Src_16888587958509051496.dir: [5]
    gpio_stm32f411ceux.o     1'076
    spi_stm32f411ceux.o        308
    ------------------------------------------------
    Total:                   1'384

dl7M_tln.a: [6]
    exit.o                       4
    low_level_init.o             4
    ------------------------------------------------
    Total:                       8

m7M_tls.a: [7]
    fpinit_M.o                  34
    ------------------------------------------------
    Total:                      34

rt7M_tl.a: [8]
    ABImemcpy.o                134
    cexit.o                     10
    cmain.o                     30
    copy_init3.o                42
    cstartup_M.o                28
    data_init.o                 42
    strlen.o                    54
    ------------------------------------------------
    Total:                     340

shb_l.a: [9]
    exit.o                      20
    ------------------------------------------------
    Total:                      20

    Gaps                         6        4
    Linker created                       23    1'024
----------------------------------------------------
    Grand Total:             2'952       96    1'029


*******************************************************************************
*** ENTRY LIST
***

Entry                       Address   Size  Type      Object
-----                       -------   ----  ----      ------
.iar.init_table$$Base    0x800'0a38          --   Gb  - Linker created -
.iar.init_table$$Limit   0x800'0a4c          --   Gb  - Linker created -
?main                    0x800'0a4d         Code  ??  cmain.o [8]
ADC_IRQHandler           0x800'0b4d         Code  Wk  startup_stm32f411xe.o [3]
BusFault_Handler         0x800'0acf    0x2  Code  ??  stm32f4xx_it.o [2]
Button_Init              0x800'0685   0x20  Code  ??  main.o [2]
CSTACK$$Base            0x2000'0008          --   Gb  - Linker created -
CSTACK$$Limit           0x2000'0408          --   ??  - Linker created -
DMA1_Stream0_IRQHandler
                         0x800'0b31         Code  Wk  startup_stm32f411xe.o [3]
DMA1_Stream1_IRQHandler
                         0x800'0b35         Code  Wk  startup_stm32f411xe.o [3]
DMA1_Stream2_IRQHandler
                         0x800'0b39         Code  Wk  startup_stm32f411xe.o [3]
DMA1_Stream3_IRQHandler
                         0x800'0b3d         Code  Wk  startup_stm32f411xe.o [3]
DMA1_Stream4_IRQHandler
                         0x800'0b41         Code  Wk  startup_stm32f411xe.o [3]
DMA1_Stream5_IRQHandler
                         0x800'0b45         Code  Wk  startup_stm32f411xe.o [3]
DMA1_Stream6_IRQHandler
                         0x800'0b49         Code  Wk  startup_stm32f411xe.o [3]
DMA1_Stream7_IRQHandler
                         0x800'0b9d         Code  Wk  startup_stm32f411xe.o [3]
DMA2_Stream0_IRQHandler
                         0x800'0bad         Code  Wk  startup_stm32f411xe.o [3]
DMA2_Stream1_IRQHandler
                         0x800'0bb1         Code  Wk  startup_stm32f411xe.o [3]
DMA2_Stream2_IRQHandler
                         0x800'0bb5         Code  Wk  startup_stm32f411xe.o [3]
DMA2_Stream3_IRQHandler
                         0x800'0bb9         Code  Wk  startup_stm32f411xe.o [3]
DMA2_Stream4_IRQHandler
                         0x800'0bbd         Code  Wk  startup_stm32f411xe.o [3]
DMA2_Stream5_IRQHandler
                         0x800'0bc5         Code  Wk  startup_stm32f411xe.o [3]
DMA2_Stream6_IRQHandler
                         0x800'0bc9         Code  Wk  startup_stm32f411xe.o [3]
DMA2_Stream7_IRQHandler
                         0x800'0bcd         Code  Wk  startup_stm32f411xe.o [3]
DebugMon_Handler         0x800'0ad5    0x2  Code  ??  stm32f4xx_it.o [2]
EXTI0_IRQHandler         0x800'0b21         Code  Wk  startup_stm32f411xe.o [3]
EXTI15_10_IRQHandler     0x800'0b91         Code  Wk  startup_stm32f411xe.o [3]
EXTI1_IRQHandler         0x800'074d   0x26  Code  ??  main.o [2]
EXTI2_IRQHandler         0x800'0b25         Code  Wk  startup_stm32f411xe.o [3]
EXTI3_IRQHandler         0x800'0b29         Code  Wk  startup_stm32f411xe.o [3]
EXTI4_IRQHandler         0x800'0b2d         Code  Wk  startup_stm32f411xe.o [3]
EXTI9_5_IRQHandler       0x800'0b51         Code  Wk  startup_stm32f411xe.o [3]
FLASH_IRQHandler         0x800'0b19         Code  Wk  startup_stm32f411xe.o [3]
FPU_IRQHandler           0x800'0bdd         Code  Wk  startup_stm32f411xe.o [3]
GPIO_IRQHandling         0x800'056f   0x16  Code  ??  gpio_stm32f411ceux.o [5]
GPIO_Init                0x800'0293  0x29e  Code  ??  gpio_stm32f411ceux.o [5]
GPIO_PeriClockControl    0x800'0199   0xfa  Code  ??  gpio_stm32f411ceux.o [5]
GPIO_ReadFromInputPin    0x800'0531    0xe  Code  ??  gpio_stm32f411ceux.o [5]
GPIO_ToggleOutputPin     0x800'0563    0xc  Code  ??  gpio_stm32f411ceux.o [5]
GPIO_WriteToOutputPin    0x800'053f   0x24  Code  ??  gpio_stm32f411ceux.o [5]
HAL_IncTick              0x800'0ab1   0x18  Code  Wk  stm32f4xx_hal.o [4]
HardFault_Handler        0x800'0acb    0x2  Code  ??  stm32f4xx_it.o [2]
I2C1_ER_IRQHandler       0x800'0b75         Code  Wk  startup_stm32f411xe.o [3]
I2C1_EV_IRQHandler       0x800'0b71         Code  Wk  startup_stm32f411xe.o [3]
I2C2_ER_IRQHandler       0x800'0b7d         Code  Wk  startup_stm32f411xe.o [3]
I2C2_EV_IRQHandler       0x800'0b79         Code  Wk  startup_stm32f411xe.o [3]
I2C3_ER_IRQHandler       0x800'0bd9         Code  Wk  startup_stm32f411xe.o [3]
I2C3_EV_IRQHandler       0x800'0bd5         Code  Wk  startup_stm32f411xe.o [3]
MemManage_Handler        0x800'0acd    0x2  Code  ??  stm32f4xx_it.o [2]
NMI_Handler              0x800'0ac9    0x2  Code  ??  stm32f4xx_it.o [2]
OTG_FS_IRQHandler        0x800'0bc1         Code  Wk  startup_stm32f411xe.o [3]
OTG_FS_WKUP_IRQHandler   0x800'0b99         Code  Wk  startup_stm32f411xe.o [3]
PVD_IRQHandler           0x800'0b0d         Code  Wk  startup_stm32f411xe.o [3]
PendSV_Handler           0x800'0ad7    0x2  Code  ??  stm32f4xx_it.o [2]
RCC_IRQHandler           0x800'0b1d         Code  Wk  startup_stm32f411xe.o [3]
RTC_Alarm_IRQHandler     0x800'0b95         Code  Wk  startup_stm32f411xe.o [3]
RTC_WKUP_IRQHandler      0x800'0b15         Code  Wk  startup_stm32f411xe.o [3]
Region$$Table$$Base      0x800'0a38          --   ??  - Linker created -
Region$$Table$$Limit     0x800'0a4c          --   ??  - Linker created -
Reset_Handler            0x800'0ae1         Code  Wk  startup_stm32f411xe.o [3]
SDIO_IRQHandler          0x800'0ba1         Code  Wk  startup_stm32f411xe.o [3]
SPI1_IRQHandler          0x800'0b81         Code  Wk  startup_stm32f411xe.o [3]
SPI2_GPIOInits           0x800'05d9   0x74  Code  ??  main.o [2]
SPI2_IRQHandler          0x800'0b85         Code  Wk  startup_stm32f411xe.o [3]
SPI2_Inits               0x800'064d   0x38  Code  ??  main.o [2]
SPI3_IRQHandler          0x800'0ba9         Code  Wk  startup_stm32f411xe.o [3]
SPI4_IRQHandler          0x800'0be1         Code  Wk  startup_stm32f411xe.o [3]
SPI5_IRQHandler          0x800'0be5         Code  Wk  startup_stm32f411xe.o [3]
SPI_GetFlagStatus        0x800'083f   0x10  Code  ??  spi_stm32f411ceux.o [5]
SPI_Init                 0x800'07e1   0x5e  Code  ??  spi_stm32f411ceux.o [5]
SPI_PeriClockControl     0x800'078d   0x3e  Code  ??  spi_stm32f411ceux.o [5]
SPI_PeripheralControl    0x800'0889   0x1c  Code  ??  spi_stm32f411ceux.o [5]
SPI_SSIConfig            0x800'08a5   0x1c  Code  ??  spi_stm32f411ceux.o [5]
SPI_SendData             0x800'084f   0x3a  Code  ??  spi_stm32f411ceux.o [5]
SVC_Handler              0x800'0ad3    0x2  Code  ??  stm32f4xx_it.o [2]
SysTick_Handler          0x800'0ad9    0x8  Code  ??  stm32f4xx_it.o [2]
SystemInit               0x800'0af1    0xc  Code  ??  system_stm32f4xx.o [1]
TAMP_STAMP_IRQHandler    0x800'0b11         Code  Wk  startup_stm32f411xe.o [3]
TIM1_BRK_TIM9_IRQHandler
                         0x800'0b55         Code  Wk  startup_stm32f411xe.o [3]
TIM1_CC_IRQHandler       0x800'0b61         Code  Wk  startup_stm32f411xe.o [3]
TIM1_TRG_COM_TIM11_IRQHandler
                         0x800'0b5d         Code  Wk  startup_stm32f411xe.o [3]
TIM1_UP_TIM10_IRQHandler
                         0x800'0b59         Code  Wk  startup_stm32f411xe.o [3]
TIM2_IRQHandler          0x800'0b65         Code  Wk  startup_stm32f411xe.o [3]
TIM3_IRQHandler          0x800'0b69         Code  Wk  startup_stm32f411xe.o [3]
TIM4_IRQHandler          0x800'0b6d         Code  Wk  startup_stm32f411xe.o [3]
TIM5_IRQHandler          0x800'0ba5         Code  Wk  startup_stm32f411xe.o [3]
USART1_IRQHandler        0x800'0b89         Code  Wk  startup_stm32f411xe.o [3]
USART2_IRQHandler        0x800'0b8d         Code  Wk  startup_stm32f411xe.o [3]
USART6_IRQHandler        0x800'0bd1         Code  Wk  startup_stm32f411xe.o [3]
UsageFault_Handler       0x800'0ad1    0x2  Code  ??  stm32f4xx_it.o [2]
WWDG_IRQHandler          0x800'0b09         Code  Wk  startup_stm32f411xe.o [3]
__aeabi_memcpy4          0x800'08c1         Code  ??  ABImemcpy.o [8]
__aeabi_memcpy8          0x800'08c1         Code  ??  ABImemcpy.o [8]
__cmain                  0x800'0a4d         Code  ??  cmain.o [8]
__exit                   0x800'0a81   0x14  Code  ??  exit.o [9]
__iar_copy_init3         0x800'0947   0x2a  Code  ??  copy_init3.o [8]
__iar_data_init3         0x800'09e9   0x18  Code  ??  data_init.o [8]
__iar_init_vfp           0x800'0a15         Code  ??  fpinit_M.o [7]
__iar_program_start      0x800'0a95         Code  ??  cstartup_M.o [8]
__low_level_init         0x800'0a6b    0x4  Code  ??  low_level_init.o [6]
__vector_table           0x800'0000         Data  ??  startup_stm32f411xe.o [3]
_call_main               0x800'0a59         Code  ??  cmain.o [8]
_exit                    0x800'0a75         Code  ??  cexit.o [8]
delay                    0x800'05cd    0xc  Code  ??  main.o [2]
exit                     0x800'0a6f    0x4  Code  ??  exit.o [6]
main                     0x800'06a5   0xa8  Code  ??  main.o [2]
strlen                   0x800'0971         Code  ??  strlen.o [8]
uwTick                  0x2000'0000    0x4  Data  ??  stm32f4xx_hal.o [4]
uwTickFreq              0x2000'0004    0x1  Data  ??  stm32f4xx_hal.o [4]


[1] = C:\Users\Interrupt\Dropbox\WorkSpace\Embedded\Mastering_STM32\mytests\API_SPI\EWARM\API\Obj\CMSIS_6603591812247902717.dir
[2] = C:\Users\Interrupt\Dropbox\WorkSpace\Embedded\Mastering_STM32\mytests\API_SPI\EWARM\API\Obj\Core_13247989168731456611.dir
[3] = C:\Users\Interrupt\Dropbox\WorkSpace\Embedded\Mastering_STM32\mytests\API_SPI\EWARM\API\Obj\EWARM_18443280873093131863.dir
[4] = C:\Users\Interrupt\Dropbox\WorkSpace\Embedded\Mastering_STM32\mytests\API_SPI\EWARM\API\Obj\STM32F4xx_HAL_Driver_1244631019742807970.dir
[5] = C:\Users\Interrupt\Dropbox\WorkSpace\Embedded\Mastering_STM32\mytests\API_SPI\EWARM\API\Obj\Src_16888587958509051496.dir
[6] = dl7M_tln.a
[7] = m7M_tls.a
[8] = rt7M_tl.a
[9] = shb_l.a

  2'952 bytes of readonly  code memory
     96 bytes of readonly  data memory
  1'029 bytes of readwrite data memory

Errors: none
Warnings: none
