###############################################################################
#
# IAR ELF Linker V9.60.3.422/W64 for ARM                  17/Dec/2024  08:49:55
# Copyright 2007-2024 IAR Systems AB.
#
#    Output file  =
#        C:\Users\Interrupt\Dropbox\WorkSpace\Embedded\Mastering_STM32\STM32F411\API_SPI_RX_TX
#        - Arduino\EWARM\API\Exe\API.out
#    Map file     =
#        C:\Users\Interrupt\Dropbox\WorkSpace\Embedded\Mastering_STM32\STM32F411\API_SPI_RX_TX
#        - Arduino\EWARM\API\List\API.map
#    Command line =
#        -f
#        "C:\Users\Interrupt\Dropbox\WorkSpace\Embedded\Mastering_STM32\STM32F411\API_SPI_RX_TX
#        - Arduino\EWARM\API\Exe\API.out.rsp"
#        ("C:\Users\Interrupt\Dropbox\WorkSpace\Embedded\Mastering_STM32\STM32F411\API_SPI_RX_TX
#        -
#        Arduino\EWARM\API\Obj\Src_16888587958509051496.dir\gpio_stm32f411ceux.o"
#        "C:\Users\Interrupt\Dropbox\WorkSpace\Embedded\Mastering_STM32\STM32F411\API_SPI_RX_TX
#        - Arduino\EWARM\API\Obj\Core_13247989168731456611.dir\main.o"
#        "C:\Users\Interrupt\Dropbox\WorkSpace\Embedded\Mastering_STM32\STM32F411\API_SPI_RX_TX
#        -
#        Arduino\EWARM\API\Obj\Src_16888587958509051496.dir\spi_stm32f411ceux.o"
#        "C:\Users\Interrupt\Dropbox\WorkSpace\Embedded\Mastering_STM32\STM32F411\API_SPI_RX_TX
#        -
#        Arduino\EWARM\API\Obj\EWARM_18443280873093131863.dir\startup_stm32f411xe.o"
#        "C:\Users\Interrupt\Dropbox\WorkSpace\Embedded\Mastering_STM32\STM32F411\API_SPI_RX_TX
#        -
#        Arduino\EWARM\API\Obj\STM32F4xx_HAL_Driver_1244631019742807970.dir\stm32f4xx_hal.o"
#        "C:\Users\Interrupt\Dropbox\WorkSpace\Embedded\Mastering_STM32\STM32F411\API_SPI_RX_TX
#        -
#        Arduino\EWARM\API\Obj\STM32F4xx_HAL_Driver_1244631019742807970.dir\stm32f4xx_hal_cortex.o"
#        "C:\Users\Interrupt\Dropbox\WorkSpace\Embedded\Mastering_STM32\STM32F411\API_SPI_RX_TX
#        -
#        Arduino\EWARM\API\Obj\STM32F4xx_HAL_Driver_1244631019742807970.dir\stm32f4xx_hal_dma.o"
#        "C:\Users\Interrupt\Dropbox\WorkSpace\Embedded\Mastering_STM32\STM32F411\API_SPI_RX_TX
#        -
#        Arduino\EWARM\API\Obj\STM32F4xx_HAL_Driver_1244631019742807970.dir\stm32f4xx_hal_dma_ex.o"
#        "C:\Users\Interrupt\Dropbox\WorkSpace\Embedded\Mastering_STM32\STM32F411\API_SPI_RX_TX
#        -
#        Arduino\EWARM\API\Obj\STM32F4xx_HAL_Driver_1244631019742807970.dir\stm32f4xx_hal_exti.o"
#        "C:\Users\Interrupt\Dropbox\WorkSpace\Embedded\Mastering_STM32\STM32F411\API_SPI_RX_TX
#        -
#        Arduino\EWARM\API\Obj\STM32F4xx_HAL_Driver_1244631019742807970.dir\stm32f4xx_hal_flash.o"
#        "C:\Users\Interrupt\Dropbox\WorkSpace\Embedded\Mastering_STM32\STM32F411\API_SPI_RX_TX
#        -
#        Arduino\EWARM\API\Obj\STM32F4xx_HAL_Driver_1244631019742807970.dir\stm32f4xx_hal_flash_ex.o"
#        "C:\Users\Interrupt\Dropbox\WorkSpace\Embedded\Mastering_STM32\STM32F411\API_SPI_RX_TX
#        -
#        Arduino\EWARM\API\Obj\STM32F4xx_HAL_Driver_1244631019742807970.dir\stm32f4xx_hal_flash_ramfunc.o"
#        "C:\Users\Interrupt\Dropbox\WorkSpace\Embedded\Mastering_STM32\STM32F411\API_SPI_RX_TX
#        -
#        Arduino\EWARM\API\Obj\STM32F4xx_HAL_Driver_1244631019742807970.dir\stm32f4xx_hal_gpio.o"
#        "C:\Users\Interrupt\Dropbox\WorkSpace\Embedded\Mastering_STM32\STM32F411\API_SPI_RX_TX
#        -
#        Arduino\EWARM\API\Obj\Core_13247989168731456611.dir\stm32f4xx_hal_msp.o"
#        "C:\Users\Interrupt\Dropbox\WorkSpace\Embedded\Mastering_STM32\STM32F411\API_SPI_RX_TX
#        -
#        Arduino\EWARM\API\Obj\STM32F4xx_HAL_Driver_1244631019742807970.dir\stm32f4xx_hal_pwr.o"
#        "C:\Users\Interrupt\Dropbox\WorkSpace\Embedded\Mastering_STM32\STM32F411\API_SPI_RX_TX
#        -
#        Arduino\EWARM\API\Obj\STM32F4xx_HAL_Driver_1244631019742807970.dir\stm32f4xx_hal_pwr_ex.o"
#        "C:\Users\Interrupt\Dropbox\WorkSpace\Embedded\Mastering_STM32\STM32F411\API_SPI_RX_TX
#        -
#        Arduino\EWARM\API\Obj\STM32F4xx_HAL_Driver_1244631019742807970.dir\stm32f4xx_hal_rcc.o"
#        "C:\Users\Interrupt\Dropbox\WorkSpace\Embedded\Mastering_STM32\STM32F411\API_SPI_RX_TX
#        -
#        Arduino\EWARM\API\Obj\STM32F4xx_HAL_Driver_1244631019742807970.dir\stm32f4xx_hal_rcc_ex.o"
#        "C:\Users\Interrupt\Dropbox\WorkSpace\Embedded\Mastering_STM32\STM32F411\API_SPI_RX_TX
#        -
#        Arduino\EWARM\API\Obj\STM32F4xx_HAL_Driver_1244631019742807970.dir\stm32f4xx_hal_tim.o"
#        "C:\Users\Interrupt\Dropbox\WorkSpace\Embedded\Mastering_STM32\STM32F411\API_SPI_RX_TX
#        -
#        Arduino\EWARM\API\Obj\STM32F4xx_HAL_Driver_1244631019742807970.dir\stm32f4xx_hal_tim_ex.o"
#        "C:\Users\Interrupt\Dropbox\WorkSpace\Embedded\Mastering_STM32\STM32F411\API_SPI_RX_TX
#        - Arduino\EWARM\API\Obj\Core_13247989168731456611.dir\stm32f4xx_it.o"
#        "C:\Users\Interrupt\Dropbox\WorkSpace\Embedded\Mastering_STM32\STM32F411\API_SPI_RX_TX
#        -
#        Arduino\EWARM\API\Obj\CMSIS_6603591812247902717.dir\system_stm32f4xx.o"
#        --no_out_extension -o
#        "C:\Users\Interrupt\Dropbox\WorkSpace\Embedded\Mastering_STM32\STM32F411\API_SPI_RX_TX
#        - Arduino\EWARM\API\Exe\API.out" --redirect _Printf=_PrintfFullNoMb
#        --redirect _Scanf=_ScanfFullNoMb --map
#        "C:\Users\Interrupt\Dropbox\WorkSpace\Embedded\Mastering_STM32\STM32F411\API_SPI_RX_TX
#        - Arduino\EWARM\API\List\API.map" --config
#        "C:\Users\Interrupt\Dropbox\WorkSpace\Embedded\Mastering_STM32\STM32F411\API_SPI_RX_TX
#        - Arduino\EWARM/stm32f411xe_flash.icf" --semihosting --entry
#        __iar_program_start --vfe --text_out locale --cpu=Cortex-M4
#        --fpu=VFPv4_sp) --dependencies=n
#        "C:\Users\Interrupt\Dropbox\WorkSpace\Embedded\Mastering_STM32\STM32F411\API_SPI_RX_TX
#        - Arduino\EWARM\API\Exe\API.out.iar_deps"
#
###############################################################################

*******************************************************************************
*** RUNTIME MODEL ATTRIBUTES
***

CppFlavor       = *
__CPP_Runtime   = 1
__SystemLibrary = DLib
__dlib_version  = 6


*******************************************************************************
*** HEAP SELECTION
***

The basic heap was selected because --advanced_heap
was not specified and the application did not appear to
be primarily optimized for speed.


*******************************************************************************
*** PLACEMENT SUMMARY
***

"A0":  place at address 0x800'0000 { ro section .intvec };
"P1":  place in [from 0x800'0000 to 0x807'ffff] { ro };
define block CSTACK with size = 1K, alignment = 8 { };
define block HEAP with size = 512, alignment = 8 { };
"P2":  place in [from 0x2000'0000 to 0x2001'ffff] {
          rw, block CSTACK, block HEAP };
initialize by copy { rw };

  Section            Kind         Address  Alignment   Size  Object
  -------            ----         -------  ---------   ----  ------
"A0":                                                 0x198
  .intvec            ro code   0x800'0000          4  0x198  startup_stm32f411xe.o [3]
                             - 0x800'0198             0x198

"P1":                                                 0x928
  .text              ro code   0x800'0198          4  0x3ec  gpio_stm32f411ceux.o [5]
  .text              ro code   0x800'0584          4  0x1a4  main.o [2]
  .text              ro code   0x800'0728          4  0x16e  spi_stm32f411ceux.o [5]
  .text              ro code   0x800'0896          2   0x2a  copy_init3.o [8]
  .text              ro code   0x800'08c0          4   0x28  data_init.o [8]
  .text              ro code   0x800'08e8          4   0x22  fpinit_M.o [7]
  .iar.init_table    const     0x800'090c          4   0x14  - Linker created -
  .text              ro code   0x800'0920          4   0x1e  cmain.o [8]
  .text              ro code   0x800'093e          2    0x4  low_level_init.o [6]
  .text              ro code   0x800'0942          2    0x4  exit.o [6]
  .text              ro code   0x800'0948          4    0xa  cexit.o [8]
  .text              ro code   0x800'0954          4   0x14  exit.o [9]
  .text              ro code   0x800'0968          4   0x1c  cstartup_M.o [8]
  .text              ro code   0x800'0984          4   0x18  stm32f4xx_hal.o [4]
  .text              ro code   0x800'099c          2   0x18  stm32f4xx_it.o [2]
  .text              ro code   0x800'09b4          4   0x10  startup_stm32f411xe.o [3]
  .text              ro code   0x800'09c4          4   0x10  system_stm32f4xx.o [1]
  Initializer bytes  const     0x800'09d4          4    0x8  <for P2-1>
  .text              ro code   0x800'09dc          2    0x4  startup_stm32f411xe.o [3]
  .text              ro code   0x800'09e0          2    0x4  startup_stm32f411xe.o [3]
  .text              ro code   0x800'09e4          2    0x4  startup_stm32f411xe.o [3]
  .text              ro code   0x800'09e8          2    0x4  startup_stm32f411xe.o [3]
  .text              ro code   0x800'09ec          2    0x4  startup_stm32f411xe.o [3]
  .text              ro code   0x800'09f0          2    0x4  startup_stm32f411xe.o [3]
  .text              ro code   0x800'09f4          2    0x4  startup_stm32f411xe.o [3]
  .text              ro code   0x800'09f8          2    0x4  startup_stm32f411xe.o [3]
  .text              ro code   0x800'09fc          2    0x4  startup_stm32f411xe.o [3]
  .text              ro code   0x800'0a00          2    0x4  startup_stm32f411xe.o [3]
  .text              ro code   0x800'0a04          2    0x4  startup_stm32f411xe.o [3]
  .text              ro code   0x800'0a08          2    0x4  startup_stm32f411xe.o [3]
  .text              ro code   0x800'0a0c          2    0x4  startup_stm32f411xe.o [3]
  .text              ro code   0x800'0a10          2    0x4  startup_stm32f411xe.o [3]
  .text              ro code   0x800'0a14          2    0x4  startup_stm32f411xe.o [3]
  .text              ro code   0x800'0a18          2    0x4  startup_stm32f411xe.o [3]
  .text              ro code   0x800'0a1c          2    0x4  startup_stm32f411xe.o [3]
  .text              ro code   0x800'0a20          2    0x4  startup_stm32f411xe.o [3]
  .text              ro code   0x800'0a24          2    0x4  startup_stm32f411xe.o [3]
  .text              ro code   0x800'0a28          2    0x4  startup_stm32f411xe.o [3]
  .text              ro code   0x800'0a2c          2    0x4  startup_stm32f411xe.o [3]
  .text              ro code   0x800'0a30          2    0x4  startup_stm32f411xe.o [3]
  .text              ro code   0x800'0a34          2    0x4  startup_stm32f411xe.o [3]
  .text              ro code   0x800'0a38          2    0x4  startup_stm32f411xe.o [3]
  .text              ro code   0x800'0a3c          2    0x4  startup_stm32f411xe.o [3]
  .text              ro code   0x800'0a40          2    0x4  startup_stm32f411xe.o [3]
  .text              ro code   0x800'0a44          2    0x4  startup_stm32f411xe.o [3]
  .text              ro code   0x800'0a48          2    0x4  startup_stm32f411xe.o [3]
  .text              ro code   0x800'0a4c          2    0x4  startup_stm32f411xe.o [3]
  .text              ro code   0x800'0a50          2    0x4  startup_stm32f411xe.o [3]
  .text              ro code   0x800'0a54          2    0x4  startup_stm32f411xe.o [3]
  .text              ro code   0x800'0a58          2    0x4  startup_stm32f411xe.o [3]
  .text              ro code   0x800'0a5c          2    0x4  startup_stm32f411xe.o [3]
  .text              ro code   0x800'0a60          2    0x4  startup_stm32f411xe.o [3]
  .text              ro code   0x800'0a64          2    0x4  startup_stm32f411xe.o [3]
  .text              ro code   0x800'0a68          2    0x4  startup_stm32f411xe.o [3]
  .text              ro code   0x800'0a6c          2    0x4  startup_stm32f411xe.o [3]
  .text              ro code   0x800'0a70          2    0x4  startup_stm32f411xe.o [3]
  .text              ro code   0x800'0a74          2    0x4  startup_stm32f411xe.o [3]
  .text              ro code   0x800'0a78          2    0x4  startup_stm32f411xe.o [3]
  .text              ro code   0x800'0a7c          2    0x4  startup_stm32f411xe.o [3]
  .text              ro code   0x800'0a80          2    0x4  startup_stm32f411xe.o [3]
  .text              ro code   0x800'0a84          2    0x4  startup_stm32f411xe.o [3]
  .text              ro code   0x800'0a88          2    0x4  startup_stm32f411xe.o [3]
  .text              ro code   0x800'0a8c          2    0x4  startup_stm32f411xe.o [3]
  .text              ro code   0x800'0a90          2    0x4  startup_stm32f411xe.o [3]
  .text              ro code   0x800'0a94          2    0x4  startup_stm32f411xe.o [3]
  .text              ro code   0x800'0a98          2    0x4  startup_stm32f411xe.o [3]
  .text              ro code   0x800'0a9c          2    0x4  startup_stm32f411xe.o [3]
  .text              ro code   0x800'0aa0          2    0x4  startup_stm32f411xe.o [3]
  .text              ro code   0x800'0aa4          2    0x4  startup_stm32f411xe.o [3]
  .text              ro code   0x800'0aa8          2    0x4  startup_stm32f411xe.o [3]
  .text              ro code   0x800'0aac          2    0x4  startup_stm32f411xe.o [3]
  .text              ro code   0x800'0ab0          2    0x4  startup_stm32f411xe.o [3]
  .text              ro code   0x800'0ab4          2    0x4  startup_stm32f411xe.o [3]
  .text              ro code   0x800'0ab8          2    0x4  startup_stm32f411xe.o [3]
  .text              ro code   0x800'0abc          2    0x4  startup_stm32f411xe.o [3]
  .rodata            const     0x800'0ac0               0x0  copy_init3.o [8]
                             - 0x800'0ac0             0x928

"P2", part 1 of 2:                                      0x8
  P2-1                        0x2000'0000          4    0x5  <Init block>
    .bss             inited   0x2000'0000          4    0x4  stm32f4xx_hal.o [4]
    .data            inited   0x2000'0004               0x1  stm32f4xx_hal.o [4]
                            - 0x2000'0005               0x5

"P2", part 2 of 2:                                    0x400
  CSTACK                      0x2000'0008          8  0x400  <Block>
    CSTACK           uninit   0x2000'0008             0x400  <Block tail>
                            - 0x2000'0408             0x400

Unused ranges:

         From           To      Size
         ----           --      ----
   0x800'0ac0   0x807'ffff  0x7'f540
  0x2000'0408  0x2001'ffff  0x1'fbf8


*******************************************************************************
*** INIT TABLE
***

          Address      Size
          -------      ----
Copy (__iar_copy_init3)
    1 source range, total size 0x8 (160% of destination):
           0x800'09d4   0x8
    1 destination range, total size 0x5:
          0x2000'0000   0x5



*******************************************************************************
*** MODULE SUMMARY
***

    Module                 ro code  ro data  rw data
    ------                 -------  -------  -------
command line/config:
    ------------------------------------------------
    Total:

C:\Users\Interrupt\Dropbox\WorkSpace\Embedded\Mastering_STM32\STM32F411\API_SPI_RX_TX - Arduino\EWARM\API\Obj\CMSIS_6603591812247902717.dir: [1]
    system_stm32f4xx.o          16
    ------------------------------------------------
    Total:                      16

C:\Users\Interrupt\Dropbox\WorkSpace\Embedded\Mastering_STM32\STM32F411\API_SPI_RX_TX - Arduino\EWARM\API\Obj\Core_13247989168731456611.dir: [2]
    main.o                     420
    stm32f4xx_it.o              24
    ------------------------------------------------
    Total:                     444

C:\Users\Interrupt\Dropbox\WorkSpace\Embedded\Mastering_STM32\STM32F411\API_SPI_RX_TX - Arduino\EWARM\API\Obj\EWARM_18443280873093131863.dir: [3]
    startup_stm32f411xe.o      652
    ------------------------------------------------
    Total:                     652

C:\Users\Interrupt\Dropbox\WorkSpace\Embedded\Mastering_STM32\STM32F411\API_SPI_RX_TX - Arduino\EWARM\API\Obj\STM32F4xx_HAL_Driver_1244631019742807970.dir: [4]
    stm32f4xx_hal.o             24        5        5
    ------------------------------------------------
    Total:                      24        5        5

C:\Users\Interrupt\Dropbox\WorkSpace\Embedded\Mastering_STM32\STM32F411\API_SPI_RX_TX - Arduino\EWARM\API\Obj\Src_16888587958509051496.dir: [5]
    gpio_stm32f411ceux.o     1'004
    spi_stm32f411ceux.o        366
    ------------------------------------------------
    Total:                   1'370

dl7M_tln.a: [6]
    exit.o                       4
    low_level_init.o             4
    ------------------------------------------------
    Total:                       8

m7M_tls.a: [7]
    fpinit_M.o                  34
    ------------------------------------------------
    Total:                      34

rt7M_tl.a: [8]
    cexit.o                     10
    cmain.o                     30
    copy_init3.o                42
    cstartup_M.o                28
    data_init.o                 40
    ------------------------------------------------
    Total:                     150

shb_l.a: [9]
    exit.o                      20
    ------------------------------------------------
    Total:                      20

    Gaps                         4        2
    Linker created                       23    1'024
----------------------------------------------------
    Grand Total:             2'722       30    1'029


*******************************************************************************
*** ENTRY LIST
***

Entry                       Address   Size  Type      Object
-----                       -------   ----  ----      ------
.iar.init_table$$Base    0x800'090c          --   Gb  - Linker created -
.iar.init_table$$Limit   0x800'0920          --   Gb  - Linker created -
?main                    0x800'0921         Code  Gb  cmain.o [8]
ADC_IRQHandler           0x800'0a25         Code  Wk  startup_stm32f411xe.o [3]
BusFault_Handler         0x800'09a3    0x2  Code  Gb  stm32f4xx_it.o [2]
CSTACK$$Base            0x2000'0008          --   Gb  - Linker created -
CSTACK$$Limit           0x2000'0408          --   Gb  - Linker created -
DMA1_Stream0_IRQHandler
                         0x800'0a09         Code  Wk  startup_stm32f411xe.o [3]
DMA1_Stream1_IRQHandler
                         0x800'0a0d         Code  Wk  startup_stm32f411xe.o [3]
DMA1_Stream2_IRQHandler
                         0x800'0a11         Code  Wk  startup_stm32f411xe.o [3]
DMA1_Stream3_IRQHandler
                         0x800'0a15         Code  Wk  startup_stm32f411xe.o [3]
DMA1_Stream4_IRQHandler
                         0x800'0a19         Code  Wk  startup_stm32f411xe.o [3]
DMA1_Stream5_IRQHandler
                         0x800'0a1d         Code  Wk  startup_stm32f411xe.o [3]
DMA1_Stream6_IRQHandler
                         0x800'0a21         Code  Wk  startup_stm32f411xe.o [3]
DMA1_Stream7_IRQHandler
                         0x800'0a75         Code  Wk  startup_stm32f411xe.o [3]
DMA2_Stream0_IRQHandler
                         0x800'0a85         Code  Wk  startup_stm32f411xe.o [3]
DMA2_Stream1_IRQHandler
                         0x800'0a89         Code  Wk  startup_stm32f411xe.o [3]
DMA2_Stream2_IRQHandler
                         0x800'0a8d         Code  Wk  startup_stm32f411xe.o [3]
DMA2_Stream3_IRQHandler
                         0x800'0a91         Code  Wk  startup_stm32f411xe.o [3]
DMA2_Stream4_IRQHandler
                         0x800'0a95         Code  Wk  startup_stm32f411xe.o [3]
DMA2_Stream5_IRQHandler
                         0x800'0a9d         Code  Wk  startup_stm32f411xe.o [3]
DMA2_Stream6_IRQHandler
                         0x800'0aa1         Code  Wk  startup_stm32f411xe.o [3]
DMA2_Stream7_IRQHandler
                         0x800'0aa5         Code  Wk  startup_stm32f411xe.o [3]
DebugMon_Handler         0x800'09a9    0x2  Code  Gb  stm32f4xx_it.o [2]
EXTI0_IRQHandler         0x800'09f5         Code  Wk  startup_stm32f411xe.o [3]
EXTI15_10_IRQHandler     0x800'0a69         Code  Wk  startup_stm32f411xe.o [3]
EXTI1_IRQHandler         0x800'09f9         Code  Wk  startup_stm32f411xe.o [3]
EXTI2_IRQHandler         0x800'09fd         Code  Wk  startup_stm32f411xe.o [3]
EXTI3_IRQHandler         0x800'0a01         Code  Wk  startup_stm32f411xe.o [3]
EXTI4_IRQHandler         0x800'0a05         Code  Wk  startup_stm32f411xe.o [3]
EXTI9_5_IRQHandler       0x800'0a29         Code  Wk  startup_stm32f411xe.o [3]
FLASH_IRQHandler         0x800'09ed         Code  Wk  startup_stm32f411xe.o [3]
FPU_IRQHandler           0x800'0ab5         Code  Wk  startup_stm32f411xe.o [3]
GPIO_ButtonInit          0x800'061f   0x26  Code  Gb  main.o [2]
GPIO_Init                0x800'0293  0x29e  Code  Gb  gpio_stm32f411ceux.o [5]
GPIO_PeriClockControl    0x800'0199   0xfa  Code  Gb  gpio_stm32f411ceux.o [5]
GPIO_ReadFromInputPin    0x800'0531    0xe  Code  Gb  gpio_stm32f411ceux.o [5]
HAL_IncTick              0x800'0985   0x18  Code  Wk  stm32f4xx_hal.o [4]
HardFault_Handler        0x800'099f    0x2  Code  Gb  stm32f4xx_it.o [2]
I2C1_ER_IRQHandler       0x800'0a4d         Code  Wk  startup_stm32f411xe.o [3]
I2C1_EV_IRQHandler       0x800'0a49         Code  Wk  startup_stm32f411xe.o [3]
I2C2_ER_IRQHandler       0x800'0a55         Code  Wk  startup_stm32f411xe.o [3]
I2C2_EV_IRQHandler       0x800'0a51         Code  Wk  startup_stm32f411xe.o [3]
I2C3_ER_IRQHandler       0x800'0ab1         Code  Wk  startup_stm32f411xe.o [3]
I2C3_EV_IRQHandler       0x800'0aad         Code  Wk  startup_stm32f411xe.o [3]
MemManage_Handler        0x800'09a1    0x2  Code  Gb  stm32f4xx_it.o [2]
NMI_Handler              0x800'099d    0x2  Code  Gb  stm32f4xx_it.o [2]
OTG_FS_IRQHandler        0x800'0a99         Code  Wk  startup_stm32f411xe.o [3]
OTG_FS_WKUP_IRQHandler   0x800'0a71         Code  Wk  startup_stm32f411xe.o [3]
PVD_IRQHandler           0x800'09e1         Code  Wk  startup_stm32f411xe.o [3]
PendSV_Handler           0x800'09ab    0x2  Code  Gb  stm32f4xx_it.o [2]
RCC_IRQHandler           0x800'09f1         Code  Wk  startup_stm32f411xe.o [3]
RTC_Alarm_IRQHandler     0x800'0a6d         Code  Wk  startup_stm32f411xe.o [3]
RTC_WKUP_IRQHandler      0x800'09e9         Code  Wk  startup_stm32f411xe.o [3]
Region$$Table$$Base      0x800'090c          --   Gb  - Linker created -
Region$$Table$$Limit     0x800'0920          --   Gb  - Linker created -
Reset_Handler            0x800'09b5         Code  Wk  startup_stm32f411xe.o [3]
SDIO_IRQHandler          0x800'0a79         Code  Wk  startup_stm32f411xe.o [3]
SPI1_IRQHandler          0x800'0a59         Code  Wk  startup_stm32f411xe.o [3]
SPI2_GPIOInits           0x800'0591   0x56  Code  Gb  main.o [2]
SPI2_IRQHandler          0x800'0a5d         Code  Wk  startup_stm32f411xe.o [3]
SPI2_Inits               0x800'05e7   0x38  Code  Gb  main.o [2]
SPI3_IRQHandler          0x800'0a81         Code  Wk  startup_stm32f411xe.o [3]
SPI4_IRQHandler          0x800'0ab9         Code  Wk  startup_stm32f411xe.o [3]
SPI5_IRQHandler          0x800'0abd         Code  Wk  startup_stm32f411xe.o [3]
SPI_GetFlagStatus        0x800'07db   0x10  Code  Gb  spi_stm32f411ceux.o [5]
SPI_Init                 0x800'077d   0x5e  Code  Gb  spi_stm32f411ceux.o [5]
SPI_PeriClockControl     0x800'0729   0x3e  Code  Gb  spi_stm32f411ceux.o [5]
SPI_PeripheralControl    0x800'085f   0x1c  Code  Gb  spi_stm32f411ceux.o [5]
SPI_Receive              0x800'0825   0x3a  Code  Gb  spi_stm32f411ceux.o [5]
SPI_SSOEConfig           0x800'087b   0x1c  Code  Gb  spi_stm32f411ceux.o [5]
SPI_SendData             0x800'07eb   0x3a  Code  Gb  spi_stm32f411ceux.o [5]
SPI_VerifyResponse       0x800'0645   0x12  Code  Gb  main.o [2]
SVC_Handler              0x800'09a7    0x2  Code  Gb  stm32f4xx_it.o [2]
SysTick_Handler          0x800'09ad    0x8  Code  Gb  stm32f4xx_it.o [2]
SystemInit               0x800'09c5    0xc  Code  Gb  system_stm32f4xx.o [1]
TAMP_STAMP_IRQHandler    0x800'09e5         Code  Wk  startup_stm32f411xe.o [3]
TIM1_BRK_TIM9_IRQHandler
                         0x800'0a2d         Code  Wk  startup_stm32f411xe.o [3]
TIM1_CC_IRQHandler       0x800'0a39         Code  Wk  startup_stm32f411xe.o [3]
TIM1_TRG_COM_TIM11_IRQHandler
                         0x800'0a35         Code  Wk  startup_stm32f411xe.o [3]
TIM1_UP_TIM10_IRQHandler
                         0x800'0a31         Code  Wk  startup_stm32f411xe.o [3]
TIM2_IRQHandler          0x800'0a3d         Code  Wk  startup_stm32f411xe.o [3]
TIM3_IRQHandler          0x800'0a41         Code  Wk  startup_stm32f411xe.o [3]
TIM4_IRQHandler          0x800'0a45         Code  Wk  startup_stm32f411xe.o [3]
TIM5_IRQHandler          0x800'0a7d         Code  Wk  startup_stm32f411xe.o [3]
USART1_IRQHandler        0x800'0a61         Code  Wk  startup_stm32f411xe.o [3]
USART2_IRQHandler        0x800'0a65         Code  Wk  startup_stm32f411xe.o [3]
USART6_IRQHandler        0x800'0aa9         Code  Wk  startup_stm32f411xe.o [3]
UsageFault_Handler       0x800'09a5    0x2  Code  Gb  stm32f4xx_it.o [2]
WWDG_IRQHandler          0x800'09dd         Code  Wk  startup_stm32f411xe.o [3]
__cmain                  0x800'0921         Code  Gb  cmain.o [8]
__exit                   0x800'0955   0x14  Code  Gb  exit.o [9]
__iar_copy_init3         0x800'0897   0x2a  Code  Gb  copy_init3.o [8]
__iar_data_init3         0x800'08c1   0x28  Code  Gb  data_init.o [8]
__iar_init_vfp           0x800'08e9         Code  Gb  fpinit_M.o [7]
__iar_program_start      0x800'0969         Code  Gb  cstartup_M.o [8]
__low_level_init         0x800'093f    0x4  Code  Gb  low_level_init.o [6]
__vector_table           0x800'0000         Data  Gb  startup_stm32f411xe.o [3]
_call_main               0x800'092d         Code  Gb  cmain.o [8]
_exit                    0x800'0949         Code  Gb  cexit.o [8]
delay                    0x800'0585    0xc  Code  Gb  main.o [2]
exit                     0x800'0943    0x4  Code  Gb  exit.o [6]
main                     0x800'0657   0xc0  Code  Gb  main.o [2]
uwTick                  0x2000'0000    0x4  Data  Gb  stm32f4xx_hal.o [4]
uwTickFreq              0x2000'0004    0x1  Data  Gb  stm32f4xx_hal.o [4]


[1] = C:\Users\Interrupt\Dropbox\WorkSpace\Embedded\Mastering_STM32\STM32F411\API_SPI_RX_TX - Arduino\EWARM\API\Obj\CMSIS_6603591812247902717.dir
[2] = C:\Users\Interrupt\Dropbox\WorkSpace\Embedded\Mastering_STM32\STM32F411\API_SPI_RX_TX - Arduino\EWARM\API\Obj\Core_13247989168731456611.dir
[3] = C:\Users\Interrupt\Dropbox\WorkSpace\Embedded\Mastering_STM32\STM32F411\API_SPI_RX_TX - Arduino\EWARM\API\Obj\EWARM_18443280873093131863.dir
[4] = C:\Users\Interrupt\Dropbox\WorkSpace\Embedded\Mastering_STM32\STM32F411\API_SPI_RX_TX - Arduino\EWARM\API\Obj\STM32F4xx_HAL_Driver_1244631019742807970.dir
[5] = C:\Users\Interrupt\Dropbox\WorkSpace\Embedded\Mastering_STM32\STM32F411\API_SPI_RX_TX - Arduino\EWARM\API\Obj\Src_16888587958509051496.dir
[6] = dl7M_tln.a
[7] = m7M_tls.a
[8] = rt7M_tl.a
[9] = shb_l.a

  2'722 bytes of readonly  code memory
     30 bytes of readonly  data memory
  1'029 bytes of readwrite data memory

Errors: none
Warnings: none
